// Jest Snapshot v1, https://goo.gl/fbAQLP

exports[`IssueOverview renders correct 1`] = `
<div
  className="BaseIssueOverview-root-1"
>
  <div
    className="MuiPaper-root-4 MuiPaper-elevation2-8 MuiPaper-rounded-5 BaseIssueOverview-paper-2"
  >
    <div
      className="MuiGrid-container-31 MuiGrid-spacing-xs-16-54"
    >
      <div
        className="MuiGrid-item-32"
      >
        <h4
          className="MuiTypography-root-128 MuiTypography-h4-143 MuiTypography-colorInherit-157"
        >
          title
        </h4>
      </div>
      <div
        className="MuiGrid-item-32"
      >
        <h6
          className="MuiTypography-root-128 MuiTypography-h6-145 MuiTypography-colorInherit-157"
        />
      </div>
      <div
        className="MuiGrid-item-32 BaseIssueOverview-content-3"
      >
        <div
          dangerouslySetInnerHTML={
            Object {
              "__html": "<p>I have iPhone 5s, 6, 7, 8, XS</p>
",
            }
          }
        />
      </div>
    </div>
  </div>
</div>
`;
